[21:05:16] [ServerMain/INFO]: Environment: Environment[sessionHost=https://sessionserver.mojang.com, servicesHost=https://api.minecraftservices.com, name=PROD]
[21:05:18] [ServerMain/INFO]: No existing world data, creating new world
[21:05:19] [ServerMain/INFO]: Loaded 1407 recipes
[21:05:19] [ServerMain/INFO]: Loaded 1520 advancements
[21:05:19] [Server thread/INFO]: Starting minecraft server version 1.21.8
[21:05:19] [Server thread/INFO]: Loading properties
[21:05:19] [Server thread/INFO]: Default game type: SURVIVAL
[21:05:19] [Server thread/INFO]: Generating keypair
[21:05:19] [Server thread/INFO]: Starting Minecraft server on *:25565
[21:05:20] [Server thread/INFO]: Using epoll channel type
[21:05:20] [Server thread/WARN]: **** SERVER IS RUNNING IN OFFLINE/INSECURE MODE!
[21:05:20] [Server thread/WARN]: The server will make no attempt to authenticate usernames. Beware.
[21:05:20] [Server thread/WARN]: While this makes the game possible to play without internet access, it also opens up the ability for hackers to connect with any username they choose.
[21:05:20] [Server thread/WARN]: To change this, set "online-mode" to "true" in the server.properties file.
[21:05:20] [Server thread/INFO]: Preparing level "world"
[21:05:35] [Server thread/INFO]: Preparing start region for dimension minecraft:overworld
[21:05:35] [Worker-Main-1/INFO]: Preparing spawn area: 2%
[21:05:35] [Worker-Main-1/INFO]: Preparing spawn area: 2%
[21:05:36] [Worker-Main-1/INFO]: Preparing spawn area: 2%
[21:05:37] [Worker-Main-1/INFO]: Preparing spawn area: 2%
[21:05:37] [Worker-Main-1/INFO]: Preparing spawn area: 2%
[21:05:37] [Worker-Main-1/INFO]: Preparing spawn area: 2%
[21:05:38] [Worker-Main-1/INFO]: Preparing spawn area: 2%
[21:05:38] [Worker-Main-1/INFO]: Preparing spawn area: 2%
[21:05:39] [Worker-Main-1/INFO]: Preparing spawn area: 2%
[21:05:39] [Worker-Main-1/INFO]: Preparing spawn area: 2%
[21:05:40] [Worker-Main-1/INFO]: Preparing spawn area: 2%
[21:05:40] [Worker-Main-1/INFO]: Preparing spawn area: 2%
[21:05:41] [Worker-Main-1/INFO]: Preparing spawn area: 2%
[21:05:41] [Worker-Main-1/INFO]: Preparing spawn area: 2%
[21:05:42] [Worker-Main-1/INFO]: Preparing spawn area: 2%
[21:05:43] [Worker-Main-1/INFO]: Preparing spawn area: 2%
[21:05:43] [Worker-Main-1/INFO]: Preparing spawn area: 2%
[21:05:43] [Worker-Main-1/INFO]: Preparing spawn area: 2%
[21:05:44] [Worker-Main-1/INFO]: Preparing spawn area: 2%
[21:05:44] [Worker-Main-1/INFO]: Preparing spawn area: 2%
[21:05:45] [Worker-Main-1/INFO]: Preparing spawn area: 2%
[21:05:45] [Worker-Main-1/INFO]: Preparing spawn area: 18%
[21:05:46] [Server thread/INFO]: Time elapsed: 10782 ms
[21:05:46] [Server thread/INFO]: Done (25.987s)! For help, type "help"
[21:05:46] [Server thread/INFO]: Unknown or incomplete command, see below for error
[21:05:46] [Server thread/INFO]: chanotraidor.aternos.me<--[HERE]
[21:05:46] [Server thread/INFO]: Unknown or incomplete command, see below for error
[21:05:46] [Server thread/INFO]: chanotraidor.aternos.me<--[HERE]
[21:06:46] [Server thread/INFO]: Server empty for 60 seconds, pausing
